LIBAPOPHENIA_1.0.0 {
global:
apop_opts;
apop_name_alloc;
apop_name_add;
apop_name_free;
apop_name_print;
apop_name_stack_base;
variadic_apop_name_stack;
apop_name_copy;
apop_name_find;
apop_data_add_names_base;
apop_data_free_base;
apop_data_alloc_base;
variadic_apop_data_alloc;
apop_data_calloc_base;
variadic_apop_data_calloc;
apop_data_stack_base;
variadic_apop_data_stack;
apop_data_split;
apop_data_copy;
apop_data_rm_columns;
apop_data_memcpy;
apop_data_ptr_base;
variadic_apop_data_ptr;
apop_data_get_base;
variadic_apop_data_get;
apop_data_set_base;
variadic_apop_data_set;
apop_data_add_named_elmt;
apop_text_add;
apop_text_alloc;
apop_text_free;
apop_data_transpose_base;
variadic_apop_data_transpose;
apop_matrix_realloc;
apop_vector_realloc;
apop_data_prune_columns_base;
apop_data_get_page_base;
variadic_apop_data_get_page;
apop_data_add_page;
apop_data_rm_page_base;
variadic_apop_data_rm_page;
apop_data_rm_rows_base;
variadic_apop_data_rm_rows;
apop_model_draws_base;
variadic_apop_model_draws;
apop_vector_copy;
apop_vector_to_matrix_base;
variadic_apop_vector_to_matrix;
apop_matrix_copy;
apop_db_to_crosstab_base;
variadic_apop_db_to_crosstab;
apop_array_to_vector_base;
variadic_apop_array_to_vector;
apop_text_to_data_base;
variadic_apop_text_to_data;
apop_text_to_db_base;
variadic_apop_text_to_db;
apop_data_rank_expand;
apop_data_rank_compress_base;
variadic_apop_data_rank_compress;
apop_crosstab_to_db;
apop_data_pack_base;
variadic_apop_data_pack;
apop_data_unpack_base;
variadic_apop_data_unpack;
apop_data_fill_base;
apop_vector_fill_base;
apop_text_fill_base;
apop_beta;
apop_bernoulli;
apop_binomial;
apop_chi_squared;
apop_dirichlet;
apop_exponential;
apop_f_distribution;
apop_gamma;
apop_improper_uniform;
apop_iv;
apop_kernel_density;
apop_loess;
apop_logit;
apop_lognormal;
apop_multinomial;
apop_multivariate_normal;
apop_normal;
apop_ols;
apop_pmf;
apop_poisson;
apop_probit;
apop_t_distribution;
apop_uniform;
apop_wls;
apop_yule;
apop_zipf;
apop_coordinate_transform;
apop_composition;
apop_dconstrain;
apop_mixture;
apop_cross;
apop_model_free;
apop_model_print;
apop_model_show;
apop_model_copy;
apop_model_clear;
apop_estimate;
apop_score;
apop_log_likelihood;
apop_p;
apop_cdf;
apop_draw;
apop_prep;
apop_parameter_model;
apop_predict;
apop_beta_from_mean_var;
apop_model_set_parameters_base;
apop_model_mixture_base;
apop_model_cross_base;
apop_map_base;
variadic_apop_map;
apop_map_sum_base;
variadic_apop_map_sum;
apop_matrix_map;
apop_vector_map;
apop_matrix_apply;
apop_vector_apply;
apop_matrix_map_all;
apop_matrix_apply_all;
apop_vector_map_sum;
apop_matrix_map_sum;
apop_matrix_map_all_sum;
apop_matrix_print_base;
variadic_apop_matrix_print;
apop_vector_print_base;
variadic_apop_vector_print;
apop_data_print_base;
variadic_apop_data_print;
apop_matrix_show;
apop_vector_show;
apop_data_show;
apop_vector_mean_base;
variadic_apop_vector_mean;
apop_vector_var_base;
variadic_apop_vector_var;
apop_vector_skew_pop_base;
variadic_apop_vector_skew_pop;
apop_vector_kurtosis_pop_base;
variadic_apop_vector_kurtosis_pop;
apop_vector_cov_base;
variadic_apop_vector_cov;
apop_vector_distance_base;
variadic_apop_vector_distance;
apop_vector_normalize_base;
variadic_apop_vector_normalize;
apop_data_covariance;
apop_data_correlation;
apop_vector_entropy;
apop_matrix_sum;
apop_matrix_mean;
apop_matrix_mean_and_var;
apop_data_summarize;
apop_test_fisher_exact;
apop_matrix_is_positive_semidefinite_base;
variadic_apop_matrix_is_positive_semidefinite;
apop_matrix_to_positive_semidefinite;
apop_multivariate_gamma;
apop_multivariate_lngamma;
apop_t_test;
apop_paired_t_test;
apop_anova_base;
variadic_apop_anova;
apop_f_test_base;
variadic_apop_f_test;
apop_text_unique_elements;
apop_vector_unique_elements;
apop_data_to_factors_base;
variadic_apop_data_to_factors;
apop_data_get_factor_names_base;
variadic_apop_data_get_factor_names;
apop_data_to_dummies_base;
variadic_apop_data_to_dummies;
apop_model_entropy_base;
variadic_apop_model_entropy;
apop_kl_divergence_base;
variadic_apop_kl_divergence;
apop_estimate_coefficient_of_determination;
apop_estimate_parameter_tests;
apop_jackknife_cov;
apop_bootstrap_cov_base;
variadic_apop_bootstrap_cov;
apop_rng_alloc;
apop_rng_GHgB3;
apop_rng_get_thread_base;
apop_arms_draw;
apop_numerical_gradient_base;
variadic_apop_numerical_gradient;
apop_model_hessian_base;
variadic_apop_model_hessian;
apop_model_numerical_covariance_base;
variadic_apop_model_numerical_covariance;
apop_maximum_likelihood;
apop_estimate_restart_base;
variadic_apop_estimate_restart;
apop_linear_constraint_base;
variadic_apop_linear_constraint;
apop_model_fix_params;
apop_model_fix_params_get_base;
apop_vtable_add;
apop_vtable_get;
apop_vtable_drop;
apop_update_type_check;
apop_score_type_check;
apop_parameter_model_type_check;
apop_predict_type_check;
apop_model_print_type_check;
apop_generalized_harmonic;
apop_test_anova_independence;
apop_regex_base;
variadic_apop_regex;
apop_system;
apop_vector_moving_average;
apop_histograms_test_goodness_of_fit;
apop_test_kolmogorov;
apop_data_pmf_compress;
apop_data_to_bins_base;
variadic_apop_data_to_bins;
apop_model_to_pmf_base;
variadic_apop_model_to_pmf;
apop_text_paste_base;
variadic_apop_text_paste;
apop_data_listwise_delete_base;
variadic_apop_data_listwise_delete;
apop_ml_impute;
apop_model_metropolis_base;
variadic_apop_model_metropolis;
apop_update_base;
variadic_apop_update;
apop_test_base;
variadic_apop_test;
apop_vector_percentiles_base;
variadic_apop_vector_percentiles;
apop_data_sort_base;
variadic_apop_data_sort;
apop_rake_base;
variadic_apop_rake;
apop_det_and_inv;
apop_dot_base;
variadic_apop_dot;
apop_vector_bounded_base;
variadic_apop_vector_bounded;
apop_matrix_inverse;
apop_matrix_determinant;
apop_matrix_pca_base;
variadic_apop_matrix_pca;
apop_vector_stack_base;
variadic_apop_vector_stack;
apop_matrix_stack_base;
variadic_apop_matrix_stack;
apop_vector_log;
apop_vector_log10;
apop_vector_exp;
apop_vector_sum;
apop_vector_var_m;
apop_vector_correlation;
apop_vector_kurtosis;
apop_vector_skew;
apop_table_exists_base;
variadic_apop_table_exists;
apop_db_open;
apop_db_close_base;
variadic_apop_db_close;
apop_query;
apop_query_to_text;
apop_query_to_data;
apop_query_to_mixed_data;
apop_query_to_vector;
apop_query_to_float;
apop_data_to_db;
apop_db_t_test;
apop_db_paired_t_test;
apop_settings_get_grp;
apop_settings_remove_group;
apop_settings_copy_group;
apop_settings_group_alloc;
apop_settings_group_alloc_wm;
apop_ct_settings_init;
apop_ct_settings_copy;
apop_ct_settings_free;
apop_lm_settings_init;
apop_lm_settings_copy;
apop_lm_settings_free;
apop_pm_settings_init;
apop_pm_settings_copy;
apop_pm_settings_free;
apop_pmf_settings_init;
apop_pmf_settings_copy;
apop_pmf_settings_free;
apop_mle_settings_init;
apop_mle_settings_copy;
apop_mle_settings_free;
apop_cdf_settings_init;
apop_cdf_settings_copy;
apop_cdf_settings_free;
apop_arms_settings_init;
apop_arms_settings_copy;
apop_arms_settings_free;
apop_mcmc_settings_init;
apop_mcmc_settings_copy;
apop_mcmc_settings_free;
apop_loess_settings_init;
apop_loess_settings_copy;
apop_loess_settings_free;
apop_cross_settings_init;
apop_cross_settings_copy;
apop_cross_settings_free;
apop_mixture_settings_init;
apop_mixture_settings_copy;
apop_mixture_settings_free;
apop_dconstrain_settings_init;
apop_dconstrain_settings_copy;
apop_dconstrain_settings_free;
apop_composition_settings_init;
apop_composition_settings_copy;
apop_composition_settings_free;
apop_parts_wanted_settings_init;
apop_parts_wanted_settings_copy;
apop_parts_wanted_settings_free;
apop_kernel_density_settings_init;
apop_kernel_density_settings_copy;
apop_kernel_density_settings_free;

local: *;
};
